// Jest Snapshot v1, https://goo.gl/fbAQLP

exports[`component renders 1`] = `
<div
  className="row"
>
  <div
    className="col-lg-12"
  >
    <button
      className="btn btn-block btn-outline-dark"
      onClick={[Function]}
    >
      niaaa
    </button>
    <button
      className="btn btn-block btn-outline-dark"
      onClick={[Function]}
    >
      NIGERR
    </button>
  </div>
</div>
`;
